8086/87/88/186 MACRO ASSEMBLER    ANONYMOUS                                                14:58:46  11/13/;3  PAGE    1


DOS 5.0 (038-N) 8086/87/88/186 MACRO ASSEMBLER V3.1 ASSEMBLY OF MODULE ANONYMOUS
OBJECT MODULE PLACED IN 80188.OBJ
ASSEMBLER INVOKED BY:  C:\ASM86.EXE 80188.INC


LOC  OBJ                  LINE     SOURCE

                             1 +1  $MOD186
                             2 +1  $ep
                             3     ;IO Setup for 80C188XL 
                             4     ;By Zhu Shunyu
                             5     
  FFA0                       6             UMCR    EQU    0FFA0H ; Upper Memory Control Register
  FFA2                       7             LMCR    EQU    0FFA2H ; Lower Memory control Register         
  FFA4                       8             PCSBA   EQU    0FFA4H ; Peripheral Chip Select Base Address
  FFA6                       9                     MMCS    EQU        0FFA6H ; Middle memory control register
  FFA8                      10             MPCS    EQU    0FFA8H ; MMCS and PCS Alter Control Register
                            11                     
                            12             
                            13             
                            14                     
                            15     ; Initial 80C188XL UCS Pin
                            16     ; |start address|block size| value for No waits, No Ready   
                            17     ;   FE000H            8K                 3E04H
                            18     ;   FC000H           16K                 3C04H
                            19     ;   F8000H           32K                 3804H
                            20      
                            21              
                            22     ; Initialize Upper Chip Select pin with 8K ROM 
0000 BAA0FF                 23             MOV DX, UMCR
0003 B8043E                 24             MOV AX, 03E04H
0006 EF                     25             OUT DX, AX
                            26     
                            27     ; Initialize Lower Chip Select pin with 8k RAM
0007 BAA2FF                 28             MOV DX, LMCR
000A B8C401                 29             MOV AX, 01C4H  ; Starting address 1FFFH, 8K, No waits, last shoud be 5H for 1
                                    waits      
000D EE                     30                     OUT DX, AL
                            31                     
                            32     ; Initialize MPCS to MAP peripheral to IO address
000E BAA8FF                 33              MOV DX, MPCS
0011 B88320                 34              MOV AX, 2083H ; ;0010 0000 1000 0110; MMCS block size is 20H or 256KB, PCS p
                                   rogrammed for I/O operation 
0014 EE                     35              OUT DX, AL
                            36                      
                            37     ; Initialize Middle Memory chip select
0015 BAA6FF                 38                     MOV     DX, MMCS        ; 
0018 B80040                 39                     MOV     AX, 4000H       ;0100 0000 0000 0110 ;no ready, 2 waits 
                                      
001B EF                     40                     OUT     DX, AX
                            41                      
                            42     ; PCSBA initial, set the serial port start from 00H
001C BAA4FF                 43              MOV DX, PCSBA
001F B80300                 44              MOV AX, 0003H ; Peripheral starting address 00H no READY, No Waits
0022 EE                     45              OUT DX, AL
                            46     
                            47     
8086/87/88/186 MACRO ASSEMBLER    ANONYMOUS                                                14:58:46  11/13/;3  PAGE    2


LOC  OBJ                  LINE     SOURCE

                            48     
                            49     ;Serial port definition and initialize 
  0000                      50              SRB     EQU       00H ; Serial Receiver Buffer Register (R)
  0000                      51              STB     EQU       00H ; Serial Transmitter Holding Register(W)  
  0001                      52              SIER    EQU       01H ; Serial Interrupte Enable Register (w)
  0002                      53              IIR     EQU       02H ; Interrupt Identification Register (R)
  0003                      54              SMD     EQU       03H ; Serial Line Control Register
  0005                      55              SST     EQU       05H ; Serial Line Status Register
  0000                      56              DLL     EQU       00H ; Divisor Latch Least Significant BYTE
  0001                      57              DLM     EQU       01H ; Divisor Latch most  Significant BYTE
                            58     
                            59     ;Definition of content of SST register
                            60     ;|Not Use|TE|THRE|BI|FE|PE|OE|DR|
                            61     ;TE Transmitter empty
                            62     ;THRE Transmittor Holding Register Empty
                            63     ;BI Breakr Interrupt
                            64     ;FE Framing Error
                            65     ;PE Parity Error
                            66     ;OE Overrun Error 
                            67     ;DR Data Ready
  0001                      68               REC_RDY    EQU   00000001B ;DR bit is 1
  0020                      69               TRAN_RDY   EQU   00100000B ;THRE bit is 1
  000E                      70               ERR_DET    EQU   00001110B ;set FE, PE and OE bits
  0010                      71               BREAK_DET  EQU   00010000B ;BI set
                            72                       
                            73     ;Line control register
                            74     
                            75     ; Serial Line Control Data
  0007                      76             SMD_DATA     EQU    00000111B ;
  0003                      77             S_INT_ENA    EQU    00000011B
  0000                      78             S_INT_DIS    EQU    00000000B
                            79        
                            80     ;1st bit set 1 to access the Divisor latch 
                            81     ;2 stop bits, 8 data bits, no parity check
  0087                      82             SMD_DATA_DIV EQU    10000111B
                            83     ; Set divisor value        
0023 BA0300                 84             MOV DX, SMD ;accessing the line control reg
0026 B087                   85             MOV AL, SMD_DATA_DIV ; bit 0 and 1 set to 11, means that each serial characte
                                   r rec or sent will be 8bits
                            86                                                             ; bit 2 is set, which means t
                                   hat because characters are 8 bits, 2 stop bits are generated
                            87                                                             ; bit 7 is the divisor access
                                    latch bit (DLAB)
0028 EE                     88             OUT DX, AL ; 
                            89                     
                            90                     ; the divisor latch is basically a 16 bit register which holds the 16
                                    bit number that helps set the baud rate 
                            91                     ; divisor = input frequency/ ( desired baud rate * 16)
0029 BA0000                 92             MOV DX, DLL ;lower 8 bits of div latch
002C B034                   93             MOV AL, 52
002E EE                     94             OUT DX, AL
002F BA0100                 95             MOV DX, DLM ;higher 8 bits of div latch. 
                            96                                             ;latch is set to 34h or 52d, which using a 16
                                   MHz crystal gives a baud rate of 19230
0032 B000                   97             MOV AL, 0
8086/87/88/186 MACRO ASSEMBLER    ANONYMOUS                                                14:58:46  11/13/;3  PAGE    3


LOC  OBJ                  LINE     SOURCE

0034 EE                     98             OUT DX, AL
                            99                     
                           100     ;SET SERIAL PORT WORKING MODE
0035 BA0300                101              MOV DX, SMD ; line control register
0038 B007                  102              MOV AL, SMD_DATA ; same as previous, but bit 7 set to 0, ready for read or w
                                   rite operation
003A EE                    103              OUT DX, AL
                           104                      
                           105     ;DISABLE SERIAL PORT INT
003B BA0100                106              MOV DX, SIER ;serial interrupt enable reg
003E B000                  107              MOV AL, 0 ;all interrupts disables
0040 EE                    108              OUT DX, AL
                           109     
                           110     
                           111     
                           112     ; Timer control Unit
                           113       
  FF66                     114              T2_CON    EQU      0FF66H ; Timer 2 Control Register
  FF62                     115              T2_CA     EQU      0FF62H ; Timer 2 compare register
  FF60                     116              T2_CNT    EQU      0FF60H ;
                           117     
  FF5E                     118              T1_CON    EQU      0FF5EH ; Timer 1 control
  FF5C                     119              T1_CB     EQU      0FF5CH ; Timer 1 compare B
  FF5A                     120              T1_CA     EQU      0FF5AH ; Timer 1 compare A
  FF58                     121              T1_CNT    EQU      0FF58H ; Timer 1 counter
                           122              
  FF56                     123              T0_CON    EQU      0FF56H ;
  FF54                     124              T0_CB     EQU      0FF54H ;
  FF52                     125              T0_CA     EQU      0FF52H ;
  FF50                     126              TO_CNT    EQU      0FF50H   
                           127              
                           128     ; Timer Control Data
                           129     
                           130     
                           131     ;Interrupt Control Registers
                           132           
                           133     
  FF3E                     134             INT3_CTRL       EQU 0FF3EH ;Interrupt 3 Control Register
  FF3C                     135             INT2_CTRL       EQU 0FF3CH
  FF3A                     136             INT1_CTRL       EQU 0FF3AH
  FF38                     137             INT0_CTRL       EQU 0FF38H
  FF32                     138             TIMER_CTRL      EQU 0FF32H ;Timer Interrupt Control Register
  FF30                     139             ISR                     EQU 0FF30H ; Interrupt Status Register
  FF22                     140             EOI         EQU 0FF22H ; END OF INTERRUPT REGISTER
  FF28                     141             IMKW        EQU 0FF28H ; Interrupt Mask 
  FF2A                     142             IPMK        EQU 0FF2Ah ; Interrupt Priority Mask 
                           143     
                           144     ;| - | - | - | - |MSK|PM2|PM1|PM0| For TCU INT
                           145     
                           146     ;| - |SFNM|CAS|LVL|MSK|PM2|PM1|PM0| For TCU INT0,1
                           147     
                           148     ;MSK 1-enable, 0-mask int 
                           149     ;pm0-pm1 Priority
                           150     
                           151         
8086/87/88/186 MACRO ASSEMBLER    ANONYMOUS                                                14:58:46  11/13/;3  PAGE    4


LOC  OBJ                  LINE     SOURCE

*** ERROR #89 IN 151, PREMATURE END OF FILE (NO END STATEMENT)
*** ERROR #151 IN 151, NO NAME DIRECTIVE ENCOUNTERED, DEFAULT MODULE NAME USED

ASSEMBLY COMPLETE, 2 ERRORS FOUND
