8086/87/88/186 MACRO ASSEMBLER    SOUNDTRY                                                 15:07:59  11/27/;3  PAGE    1


DOS 5.0 (038-N) 8086/87/88/186 MACRO ASSEMBLER V3.1 ASSEMBLY OF MODULE SOUNDTRY
OBJECT MODULE PLACED IN SOUNDTRY.OBJ
ASSEMBLER INVOKED BY:  C:\ASM86.EXE SOUNDTRY.ASM


LOC  OBJ                  LINE     SOURCE

                             1 +1  $MOD186
                             2 +1  $ep
                             3 +1  $include(80188.inc)
                      =1     4     ;IO Setup for 80C188XL 
                      =1     5     ;By Zhu Shunyu
                      =1     6     
  FFA0                =1     7             UMCR    EQU    0FFA0H ; Upper Memory Control Register
  FFA2                =1     8             LMCR    EQU    0FFA2H ; Lower Memory control Register         
  FFA4                =1     9             PCSBA   EQU    0FFA4H ; Peripheral Chip Select Base Address
  FFA6                =1    10                     MMCS    EQU        0FFA6H ; Middle memory control register
  FFA8                =1    11             MPCS    EQU    0FFA8H ; MMCS and PCS Alter Control Register
                      =1    12                     
                      =1    13             
                      =1    14             
                      =1    15                     
                      =1    16     ; Initial 80C188XL UCS Pin
                      =1    17     ; |start address|block size| value for No waits, No Ready   
                      =1    18     ;   FE000H            8K                 3E04H
                      =1    19     ;   FC000H           16K                 3C04H
                      =1    20     ;   F8000H           32K                 3804H
                      =1    21      
                      =1    22              
                      =1    23     ; Initialize Upper Chip Select pin with 8K ROM 
0000 BAA0FF           =1    24             MOV DX, UMCR
0003 B8043E           =1    25             MOV AX, 03E04H
0006 EF               =1    26             OUT DX, AX
                      =1    27     
                      =1    28     ; Initialize Lower Chip Select pin with 8k RAM
0007 BAA2FF           =1    29             MOV DX, LMCR
000A B8C401           =1    30             MOV AX, 01C4H  ; Starting address 1FFFH, 8K, No waits, last shoud be 5H for 1
                                    waits      
000D EE               =1    31                     OUT DX, AL
                      =1    32                     
                      =1    33     ; Initialize MPCS to MAP peripheral to IO address
                      =1    34              ;MOV DX, MPCS
                      =1    35              ;MOV AX, 2083H ; ;0010 0000 1000 0110; MMCS block size is 20H or 256KB, PCS 
                                   programmed for I/O operation 
                      =1    36              ;OUT DX, AL
                      =1    37                      
                      =1    38     ; Initialize Middle Memory chip select
                      =1    39                     ;MOV    DX, MMCS        ; 
                      =1    40                     ;MOV    AX, 3D03H       ;0100 0000 0000 0110 ;no ready, 2 waits 
                                      
                      =1    41                     ;OUT    DX, AX
                      =1    42                      
                      =1    43     ; PCSBA initial, set the serial port start from 00H
000E BAA4FF           =1    44              MOV DX, PCSBA
0011 B80300           =1    45              MOV AX, 0003H ; Peripheral starting address 00H no READY, No Waits
0014 EE               =1    46              OUT DX, AL
                      =1    47     
8086/87/88/186 MACRO ASSEMBLER    SOUNDTRY                                                 15:07:59  11/27/;3  PAGE    2


LOC  OBJ                  LINE     SOURCE

                      =1    48     
                      =1    49     
                      =1    50     ;Serial port definition and initialize 
  0000                =1    51              SRB     EQU       00H ; Serial Receiver Buffer Register (R)
  0000                =1    52              STB     EQU       00H ; Serial Transmitter Holding Register(W)  
  0001                =1    53              SIER    EQU       01H ; Serial Interrupte Enable Register (w)
  0002                =1    54              IIR     EQU       02H ; Interrupt Identification Register (R)
  0003                =1    55              SMD     EQU       03H ; Serial Line Control Register
  0005                =1    56              SST     EQU       05H ; Serial Line Status Register
  0000                =1    57              DLL     EQU       00H ; Divisor Latch Least Significant BYTE
  0001                =1    58              DLM     EQU       01H ; Divisor Latch most  Significant BYTE
                      =1    59     
                      =1    60     ;Definition of content of SST register
                      =1    61     ;|Not Use|TE|THRE|BI|FE|PE|OE|DR|
                      =1    62     ;TE Transmitter empty
                      =1    63     ;THRE Transmittor Holding Register Empty
                      =1    64     ;BI Breakr Interrupt
                      =1    65     ;FE Framing Error
                      =1    66     ;PE Parity Error
                      =1    67     ;OE Overrun Error 
                      =1    68     ;DR Data Ready
  0001                =1    69               REC_RDY    EQU   00000001B ;DR bit is 1
  0020                =1    70               TRAN_RDY   EQU   00100000B ;THRE bit is 1
  000E                =1    71               ERR_DET    EQU   00001110B ;set FE, PE and OE bits
  0010                =1    72               BREAK_DET  EQU   00010000B ;BI set
                      =1    73                       
                      =1    74     ;Line control register
                      =1    75     
                      =1    76     ; Serial Line Control Data
  0007                =1    77             SMD_DATA     EQU    00000111B ;
  0003                =1    78             S_INT_ENA    EQU    00000011B
  0000                =1    79             S_INT_DIS    EQU    00000000B
                      =1    80        
                      =1    81     ;1st bit set 1 to access the Divisor latch 
                      =1    82     ;2 stop bits, 8 data bits, no parity check
  0087                =1    83             SMD_DATA_DIV EQU    10000111B
                      =1    84     ; Set divisor value        
0015 BA0300           =1    85             MOV DX, SMD ;accessing the line control reg
0018 B087             =1    86             MOV AL, SMD_DATA_DIV ; bit 0 and 1 set to 11, means that each serial characte
                                   r rec or sent will be 8bits
                      =1    87                                                             ; bit 2 is set, which means t
                                   hat because characters are 8 bits, 2 stop bits are generated
                      =1    88                                                             ; bit 7 is the divisor access
                                    latch bit (DLAB)
001A EE               =1    89             OUT DX, AL ; 
                      =1    90                     
                      =1    91                     ; the divisor latch is basically a 16 bit register which holds the 16
                                    bit number that helps set the baud rate 
                      =1    92                     ; divisor = input frequency/ ( desired baud rate * 16)
001B BA0000           =1    93             MOV DX, DLL ;lower 8 bits of div latch
001E B034             =1    94             MOV AL, 52
0020 EE               =1    95             OUT DX, AL
0021 BA0100           =1    96             MOV DX, DLM ;higher 8 bits of div latch. 
                      =1    97                                             ;latch is set to 34h or 52d, which using a 16
                                   MHz crystal gives a baud rate of 19230
8086/87/88/186 MACRO ASSEMBLER    SOUNDTRY                                                 15:07:59  11/27/;3  PAGE    3


LOC  OBJ                  LINE     SOURCE

0024 B000             =1    98             MOV AL, 0
0026 EE               =1    99             OUT DX, AL
                      =1   100                     
                      =1   101     ;SET SERIAL PORT WORKING MODE
0027 BA0300           =1   102              MOV DX, SMD ; line control register
002A B007             =1   103              MOV AL, SMD_DATA ; same as previous, but bit 7 set to 0, ready for read or w
                                   rite operation
002C EE               =1   104              OUT DX, AL
                      =1   105                      
                      =1   106     ;DISABLE SERIAL PORT INT
002D BA0100           =1   107              MOV DX, SIER ;serial interrupt enable reg
0030 B000             =1   108              MOV AL, 0 ;all interrupts disables
0032 EE               =1   109              OUT DX, AL
                      =1   110     
                      =1   111     
                      =1   112     
                      =1   113     ; Timer control Unit
                      =1   114       
  FF66                =1   115              T2_CON    EQU      0FF66H ; Timer 2 Control Register
  FF62                =1   116              T2_CA     EQU      0FF62H ; Timer 2 compare register
  FF60                =1   117              T2_CNT    EQU      0FF60H ;
                      =1   118     
  FF5E                =1   119              T1_CON    EQU      0FF5EH ; Timer 1 control
  FF5C                =1   120              T1_CB     EQU      0FF5CH ; Timer 1 compare B
  FF5A                =1   121              T1_CA     EQU      0FF5AH ; Timer 1 compare A
  FF58                =1   122              T1_CNT    EQU      0FF58H ; Timer 1 counter
                      =1   123              
  FF56                =1   124              T0_CON    EQU      0FF56H ;
  FF54                =1   125              T0_CB     EQU      0FF54H ;
  FF52                =1   126              T0_CA     EQU      0FF52H ;
  FF50                =1   127              TO_CNT    EQU      0FF50H   
                      =1   128              
                      =1   129     ; Timer Control Data
                      =1   130     
                      =1   131     
                      =1   132     ;Interrupt Control Registers
                      =1   133           
                      =1   134     
  FF3E                =1   135             INT3_CTRL       EQU 0FF3EH ;Interrupt 3 Control Register
  FF3C                =1   136             INT2_CTRL       EQU 0FF3CH
  FF3A                =1   137             INT1_CTRL       EQU 0FF3AH
  FF38                =1   138             INT0_CTRL       EQU 0FF38H
  FF32                =1   139             TIMER_CTRL      EQU 0FF32H ;Timer Interrupt Control Register
  FF30                =1   140             ISR                     EQU 0FF30H ; Interrupt Status Register
  FF22                =1   141             EOI         EQU 0FF22H ; END OF INTERRUPT REGISTER
  FF28                =1   142             IMKW        EQU 0FF28H ; Interrupt Mask 
  FF2A                =1   143             IPMK        EQU 0FF2Ah ; Interrupt Priority Mask 
                      =1   144     
                      =1   145     ;| - | - | - | - |MSK|PM2|PM1|PM0| For TCU INT
                      =1   146     
                      =1   147     ;| - |SFNM|CAS|LVL|MSK|PM2|PM1|PM0| For TCU INT0,1
                      =1   148     
                      =1   149     ;MSK 1-enable, 0-mask int 
                      =1   150     ;pm0-pm1 Priority
                      =1   151     
8086/87/88/186 MACRO ASSEMBLER    SOUNDTRY                                                 15:07:59  11/27/;3  PAGE    4


LOC  OBJ                  LINE     SOURCE

                           152     NAME soundtry
                           153     ; =========================================================================
                           154     
                           155     public  serial_rec_action, timer2_action , timer1_action
                           156     extrn   print_char:far, print_2hex:far, iodefine:far
                           157     extrn   set_timer1:far, set_timer2:far
                           158     
----                       159     STACK_SEG       SEGMENT
0000 (256                  160                     DB      256 DUP(?)
     ??
     )
0100                       161             TOS     LABEL   WORD
----                       162     STACK_SEG       ENDS
                           163     
                           164     
----                       165     DATA_SEG        SEGMENT
0000 0A                    166             TIMER0_MESS     DB      10,13,'TIMER0 INTERRUPT    '
0001 0D
0002 54494D45523020
     494E5445525255
     505420202020
0016 0A                    167             TIMER1_MESS     DB      10,13,'TIMER1 INTERRUPT    '
0017 0D
0018 54494D45523120
     494E5445525255
     505420202020
002C 0A                    168             TIMER2_MESS     DB      10,13,'TIMER2 INTERRUPT    '
002D 0D
002E 54494D45523220
     494E5445525255
     505420202020
0042 2F                    169             T_COUNT         DB      2FH
0043 2F                    170             T_COUNT_SET     DB      2FH
0044 0A                    171             REC_MESS        DB      10,13,'Period of timer0 =     '
0045 0D
0046 506572696F6420
     6F662074696D65
     7230203D202020
     2020
                           172      
                           173      
                           174       
                           175       ;============= Sound Start
                           176       
005D 0000                  177             sound_queue_head DW 0d
005F FF00                  178             sound_queue_tail DW 255d
                           179             
                           180             
0061 0000                  181             sound_q_head    DW 0d
0063 FFFF                  182             sound_q_end     DW 0FFFFH
                           183             
0065 0000                  184             SOUND_REM                       DW      0
0067 0000                  185             SOUND_SIZE dw 00h
                           186             ;my_current_sound dd 00h
                           187             
8086/87/88/186 MACRO ASSEMBLER    SOUNDTRY                                                 15:07:59  11/27/;3  PAGE    5


LOC  OBJ                  LINE     SOURCE

0069 0000                  188             my_sound_index  dw 0 ; specifies index ( i.e can be 0,1,2,3,4,5,6,7,8,9,10) ,
                                    till sound "ten"
                           189             
                           190             ;starting address of sounds till "ten" 
006B 0000                  191             my_sound_word_start DW  0, 4713, 8481, 11945, 15315, 18317, 21615, 26121, 300
                                   13, 31809,36107
006D 6912
006F 2121
0071 A92E
0073 D33B
0075 8D47
0077 6F54
0079 0966
007B 3D75
007D 417C
007F 0B8D
                           192             
                           193             ; number of words for souund till "ten"
                           194             ;count starting from 0
0081 6912                  195             my_sound_word_size dw 4713, 3768, 3464, 3371, 3002, 3297, 4506, 3893, 1796, 4
                                   298,3003
0083 B80E
0085 880D
0087 2B0D
0089 BA0B
008B E10C
008D 9A11
008F 350F
0091 0407
0093 CA10
0095 BB0B
                           196             
0097 0000                  197             CURRENT_SOUND DW 0H
                           198       
                           199       ;============= Sound End
                           200       
----                       201     DATA_SEG        ENDS
                           202     
----                       203     EXTRA_SEG SEGMENT
----                       204     EXTRA_SEG ENDS
                           205     
                           206     
                           207     
----                       208     CODE_SEG        SEGMENT
                           209     PUBLIC          START
                           210     
                           211     ASSUME  CS:CODE_SEG, SS:STACK_SEG, DS:DATA_SEG , ES:EXTRA_SEG
                           212     
0000                       213     START:
0000 FA                    214             CLI
                           215     ;initialize stack area
0001 B8----         R      216             MOV     AX,STACK_SEG            
0004 8ED0                  217             MOV     SS,AX
0006 368B260001            218             MOV     SP,TOS
                           219     
8086/87/88/186 MACRO ASSEMBLER    SOUNDTRY                                                 15:07:59  11/27/;3  PAGE    6


LOC  OBJ                  LINE     SOURCE

000B BB----         R      220             MOV BX, DATA_SEG
000E 8EDB                  221             MOV DS, BX
                           222             
                           223             
                           224     ; Initialize the on-chip pheripherals
0010 9A0000----     E      225             CALL    FAR PTR IODEFINE
                           226             
                           227     ;Initialisation for Sound done in 80188.inc file
                           228             
                           229     ; ^^^^^^^^^^^^^^^^^  Start of User Main Routine  ^^^^^^^^^^^^^^^^^^
                           230             
                           231     ; Initialize MPCS to MAP peripheral to IO address
0015 BAA8FF                232              MOV DX, MPCS
0018 B88320                233              MOV AX, 2083H ; ;0010 0000 1000 0110; MMCS block size is 20H or 256KB, PCS p
                                   rogrammed for I/O operation 
001B EE                    234              OUT DX, AL
                           235                      
                           236     ; Initialize Middle Memory chip select
001C BAA6FF                237                     MOV     DX, MMCS        ; 
001F B80340                238                     MOV     AX, 4003H       ;0100 0000 0000 0110 ;no ready, 2 waits 
                                      
0022 EF                    239                     OUT     DX, AX
                           240             
                           241             ;call far ptr set_timer2
0023 9A0000----     E      242             call far ptr set_timer1
0028 FB                    243             STI
                           244             
                           245             ;set the value of sound_q_head and sound_q_end to some test values and run co
                                   de
                           246     
0029                       247     NEXT:   
                           248                     
                           249                     
0029 EBFE                  250     JMP NEXT
                           251     
                           252     ; ^^^^^^^^^^^^^^^ End of User main routine ^^^^^^^^^^^^^^^^^^^^^^^^^
                           253     
                           254             
                           255     ;------------------------------------------------------------------------------ 
002B                       256     SERIAL_REC_ACTION       PROC    FAR
002B 51                    257                     PUSH    CX
002C 53                    258                     PUSH    BX
002D 1E                    259                     PUSH    DS
002E BB----         R      260                     MOV     BX,DATA_SEG             ;initialize data segment register
0031 8EDB                  261                     MOV     DS,BX
0033 3C3C                  262                     CMP     AL,'<'
0035 750B                  263                     JNE     S_FAST
0037 FE064300              264                     INC     DS:T_COUNT_SET
003B FE064300              265                     INC     DS:T_COUNT_SET
003F EB0D90                266                     JMP     S_NEXT0
0042                       267     S_FAST:
0042 3C3E                  268                     CMP     AL,'>'
0044 7521                  269                     JNE     S_RET
0046 FE0E4300              270                     DEC     DS:T_COUNT_SET
004A FE0E4300              271                     DEC     DS:T_COUNT_SET
8086/87/88/186 MACRO ASSEMBLER    SOUNDTRY                                                 15:07:59  11/27/;3  PAGE    7


LOC  OBJ                  LINE     SOURCE

004E                       272     S_NEXT0:
004E B91600                273                     MOV     CX,22                   ;initialize counter for message
0051 BB0000                274                     MOV     BX,0
0054 8A4744                275     S_NEXT1:        MOV     AL,DS:REC_MESS[BX]      ;print message
0057 9A0000----     E      276                     call    FAR ptr print_char
005C 43                    277                     INC     BX
005D E2F5                  278                     LOOP    S_NEXT1
005F A04300                279                     MOV     AL,DS:T_COUNT_SET       ;print current period of timer0
0062 9A0000----     E      280                     CALL    FAR PTR PRINT_2HEX
0067                       281     S_RET:
0067 1F                    282                     POP     DS
0068 5B                    283                     POP     BX
0069 59                    284                     POP     CX
006A CB                    285                     RET
                           286     SERIAL_REC_ACTION       ENDP
                           287     
                           288     
                           289     
006B                       290     TIMER2_ACTION   PROC    FAR
006B 50                    291                     PUSH    AX
006C 1E                    292                     PUSH    DS
006D 53                    293                     PUSH    BX
006E 51                    294                     PUSH    CX
                           295                     
                           296                     
006F 59                    297                     POP     CX
0070 5B                    298                     POP     BX
0071 1F                    299                     POP     DS
0072 58                    300                     POP AX
0073 CB                    301                     RET
                           302     TIMER2_ACTION   ENDP
                           303     
0074                       304     TIMER1_ACTION   PROC    FAR
0074 50                    305                     PUSH    AX
0075 1E                    306                     PUSH    DS
0076 53                    307                     PUSH    BX
0077 51                    308                     PUSH    CX
                           309                     
                           310                     
0078 B8----         R      311                     MOV     AX,DATA_SEG
007B 8ED8                  312                     MOV     DS,AX
                           313             
007D A16100                314                     MOV AX, DS:sound_q_head
0080 8B0E6300              315                     MOV CX, DS:sound_q_end
0084 3BC1                  316                     CMP AX, CX
0086 741B                  317                     JE reset_pointers
                           318                     
                           319                     
0088 33C0                  320                     XOR AX, AX
008A 33DB                  321                     xor bx,bx
008C B80050                322                     mov ax, 5000h ;address of Middle Memory active? This should activate 
                                   only middle memory block 1
008F 8EC0                  323                     mov es, ax
0091 8B3E6100              324                     mov di, DS:sound_q_head
                           325                             
8086/87/88/186 MACRO ASSEMBLER    SOUNDTRY                                                 15:07:59  11/27/;3  PAGE    8


LOC  OBJ                  LINE     SOURCE

0095 268A05                326                     mov al, es:[di]
                           327                     
                           328                     ;call far ptr print_2hex
                           329                     
                           330                     ;mov al, es:[di]
0098 BA0002                331                     mov dx, 0200h ;address of PCS4
009B EE                    332                     out dx,al
                           333     
009C FF066100              334                     inc DS:sound_q_head
00A0 EB0790                335                     jmp exit_timer1
                           336     
00A3                       337     reset_pointers:
00A3 B80000                338             mov ax, 0d
00A6 A36100                339             mov ds:sound_q_head, ax 
                           340                     
                           341                     
00A9                       342     exit_timer1:    
00A9 59                    343                     POP     CX
00AA 5B                    344                     POP     BX
00AB 1F                    345                     POP     DS
00AC 58                    346                     POP AX
00AD CB                    347                     RET
                           348                     
                           349     TIMER1_ACTION   ENDP
                           350     
                           351     
                           352     
                           353     ;Sound code starts here
00AE                       354     PUT_ONE_SOUND PROC FAR
00AE 1E                    355             PUSH DS
00AF 53                    356             PUSH BX
00B0 51                    357             PUSH CX
00B1 50                    358             PUSH AX
                           359             ; insert which sound here in my_sound_index
                           360             ; MOV AX,5
                           361             ; MOV DS:CURRENT_SOUND,AX
00B2 A19700                362              MOV AX,DS:CURRENT_SOUND
00B5 A36900                363              MOV DS:my_sound_index, AX
                           364                     
                           365     
00B8 3D0300                366             CMP AX,3
00BB 7417                  367             JE threes       
00BD 3D0800                368             cmp AX, 8
00C0 746A                  369             JE eight
00C2 3D0600                370             cmp AX, 6
00C5 7410                  371             JE sixs
00C7 3D0900                372             cmp AX, 9
00CA 7473                  373             JE nine
00CC 3D0700                374             cmp AX, 7
00CF 7448                  375             JE Seven
                           376             
00D1 EB0790                377             jmp normal_fetch
00D4                       378             threes:
00D4 E98E00                379             jmp three
00D7                       380             sixs:
8086/87/88/186 MACRO ASSEMBLER    SOUNDTRY                                                 15:07:59  11/27/;3  PAGE    9


LOC  OBJ                  LINE     SOURCE

00D7 EB7990                381             jmp six
                           382             
00DA                       383             normal_fetch:
                           384              ;set head
00DA 33C0                  385                     XOR AX,AX
00DC 33DB                  386                      XOR BX, BX
00DE 33C9                  387                      XOR CX,CX
00E0 BB6B00                388                      MOV BX,offset my_sound_word_start
00E3 A16900                389                      MOV AX,DS:my_sound_index
00E6 01066900              390                      ADD DS:my_sound_index , AX
00EA 031E6900              391                      ADD BX,DS:my_sound_index
00EE 8B07                  392                      MOV AX ,[BX]
00F0 A35D00                393                     MOV WORD PTR DS:SOUND_QUEUE_HEAD ,AX
                           394             
                           395             ;set tail
00F3 33C0                  396                      XOR AX,AX
00F5 33DB                  397                      XOR BX, BX
00F7 33C9                  398                      XOR CX,CX
                           399             
00F9 BB8100                400                      MOV BX,offset my_sound_word_size
00FC A16900                401                      MOV AX,DS:my_sound_index
00FF 01066900              402                      ADD DS:my_sound_index , AX
0103 031E6900              403                      ADD BX,DS:my_sound_index
0107 8B07                  404                      MOV AX, [BX]
0109 A36700                405                      MOV WORD PTR DS:SOUND_SIZE , AX
010C A16700                406                      MOV AX , DS:SOUND_SIZE
010F 03065D00              407                     ADD AX, DS:SOUND_QUEUE_HEAD
0113 A35F00                408                      MOV word ptr DS:SOUND_QUEUE_TAIL , AX
                           409                      
0116 EB5D90                410                      JMP endd
0119                       411             seven :  
                           412     
0119 C7065D000966          413                     MOV WORD PTR DS:SOUND_QUEUE_HEAD ,6609h
011F B8350F                414                     MOV AX,0f35h
0122 03065D00              415                     ADD AX, DS:SOUND_QUEUE_HEAD
0126 A35F00                416                      MOV word ptr DS:SOUND_QUEUE_TAIL , AX
0129 EB4A90                417             jmp endd
                           418             
012C                       419             eight:
012C C7065D003E75          420                     MOV WORD PTR DS:SOUND_QUEUE_HEAD ,753eh
0132 B80307                421                     MOV AX,0703h
0135 03065D00              422                     ADD AX, DS:SOUND_QUEUE_HEAD
0139 A35F00                423                      MOV word ptr DS:SOUND_QUEUE_TAIL , AX
013C EB3790                424             jmp endd
                           425             
013F                       426             nine:
013F C7065D00417C          427                     MOV WORD PTR DS:SOUND_QUEUE_HEAD ,7c41h
0145 B8CA10                428                     MOV AX,10cAh
0148 03065D00              429                     ADD AX, DS:SOUND_QUEUE_HEAD
014C A35F00                430                      MOV word ptr DS:SOUND_QUEUE_TAIL , AX
014F EB2490                431             jmp endd
                           432             
0152                       433             six:
0152 C7065D006F54          434                     MOV WORD PTR DS:SOUND_QUEUE_HEAD ,21615
0158 B89A11                435                     MOV AX,4506
8086/87/88/186 MACRO ASSEMBLER    SOUNDTRY                                                 15:07:59  11/27/;3  PAGE   10


LOC  OBJ                  LINE     SOURCE

015B 03065D00              436                     ADD AX, DS:SOUND_QUEUE_HEAD
015F A35F00                437                      MOV word ptr DS:SOUND_QUEUE_TAIL , AX
0162 EB1190                438             jmp endd
                           439     
0165                       440             three:   
0165 C7065D00A92E          441                     MOV WORD PTR DS:SOUND_QUEUE_HEAD ,2ea9h 
016B B82A0D                442                     MOV AX,0d2ah
016E 03065D00              443                     ADD AX, DS:SOUND_QUEUE_HEAD
0172 A35F00                444                      MOV word ptr DS:SOUND_QUEUE_TAIL , AX  
0175                       445             endd:
0175 58                    446             POP AX
0176 59                    447             POP CX
0177 5B                    448             POP BX
0178 1F                    449             POP DS
0179 CB                    450             RET
                           451     PUT_ONE_SOUND ENDP
                           452     
----                       453     CODE_SEG        ENDS
                           454     END

ASSEMBLY COMPLETE, NO ERRORS FOUND
